The field "cli.appVersionSource" is not set, but it will be required in the future. Learn more: https://docs.expo.dev/build-reference/app-versions/
Resolved "preview" environment for the build. Learn more: https://docs.expo.dev/eas/environment-variables/#setting-the-environment-for-your-builds
No environment variables with visibility "Plain text" and "Sensitive" found for the "preview" environment on EAS.



The field "cli.appVersionSource" is not set, but it will be required in the future. Learn more: https://docs.expo.dev/build-reference/app-versions/
✔ Using remote Android credentials (Expo server)
Detected that you do not have keytool installed locally.
- Generating keystore in the cloud...
✔ Generating keystore in the cloud...
✔ Created keystore

Compressing project files and uploading to EAS Build. Learn more: https://expo.fyi/eas-build-archive
- Compressing project files
- Uploading to EAS Build (0 / 1.6 MB)
✔ Uploaded to EAS 7s
- Computing project fingerprint
✔ Computed project fingerprint

See logs: https://expo.dev/accounts/baybuyukk/projects/hu-app/builds/8062ee7b-4dbc-4a0a-86cf-0a2c57a81c62

